../Core/Src/main.c:67:5:isQueueFull	8	static
../Core/Src/main.c:72:6:dequeue	8	static
../Core/Src/main.c:78:6:enqueue	16	static
../Core/Src/main.c:88:6:timer1setting	8	static
../Core/Src/main.c:103:6:TIM1_BRK_UP_TRG_COM_IRQHandler	8	static
../Core/Src/main.c:122:6:PA8inputSetting	8	static
../Core/Src/main.c:129:6:EXTI8setting	8	static
../Core/Src/main.c:138:6:EXTI4_15_IRQHandler	16	static
../Core/Src/main.c:166:6:UART1Setting	8	static
../Core/Src/main.c:188:5:main	8	static
../Core/Src/main.c:262:6:SystemClock_Config	88	static
../Core/Src/main.c:303:13:MX_TIM1_Init	40	static
../Core/Src/main.c:350:13:MX_GPIO_Init	48	static
../Core/Src/main.c:386:6:Error_Handler	8	static,ignoring_inline_asm
