../Core/Src/main.c:67:6:ledDebug	8	static
../Core/Src/main.c:81:5:isQueueFull	8	static
../Core/Src/main.c:86:6:dequeue	8	static
../Core/Src/main.c:92:6:enqueue	16	static
../Core/Src/main.c:102:6:PA4debugLEDsetting	8	static
../Core/Src/main.c:110:6:timer1setting	8	static
../Core/Src/main.c:125:6:TIM1_BRK_UP_TRG_COM_IRQHandler	8	static
../Core/Src/main.c:136:6:timer3setting	8	static
../Core/Src/main.c:150:6:TIM3_IRQHandler	8	static
../Core/Src/main.c:158:6:PA8inputSetting	8	static
../Core/Src/main.c:165:6:EXTI8setting	8	static
../Core/Src/main.c:174:6:EXTI4_15_IRQHandler	16	static
../Core/Src/main.c:196:6:UART1Setting	8	static
../Core/Src/main.c:218:5:main	8	static
../Core/Src/main.c:273:6:SystemClock_Config	88	static
../Core/Src/main.c:314:13:MX_TIM1_Init	40	static
../Core/Src/main.c:361:13:MX_GPIO_Init	48	static
../Core/Src/main.c:397:6:Error_Handler	8	static,ignoring_inline_asm
